node.exe : FAIL src/__tests__/middleware/preservation-property.test.ts
At line:1 char:1
+ & "C:\Program Files\nodejs/node.exe" "C:\Users\IAS\AppData\Roaming\np ...
+ ~~~~~~~~~~~~~~~~~~~~~~~~~~~~~~~~~~~~~~~~~~~~~~~~~~~~~~~~~~~~~~~~~~~~~
    + CategoryInfo          : NotSpecified: (FAIL src/__test...roperty.test.ts:String) [], Rem 
   oteException
    + FullyQualifiedErrorId : NativeCommandError
 
  Preservation Property Tests - Middleware Functionality
    ├ù Property: Security headers are set on all responses (117 ms)
    ΓêÜ Property: Public API routes allow access without authentication (19 ms)
    ├ù Property: Protected API routes reject unauthenticated requests (18 ms)
    ΓêÜ Property: Protected API routes allow authenticated requests (auth_token cookie) (5 ms)
    ΓêÜ Property: Protected API routes allow authenticated requests (Bearer token) (4 ms)
    ├ù Property: Preflight OPTIONS requests return 204 with CORS headers (28 ms)
    ├ù Property: API Routes include CORS headers (4 ms)

  ΓùÅ Preservation Property Tests - Middleware Functionality ΓÇ║ Property: Security headers 
are set on all responses

    Property failed after 1 tests
    { seed: -201286694, path: "0:0:0:0", endOnFailure: true }
    Counterexample: ["A"]
    Shrunk 3 time(s)

    Hint: Enable verbose mode in order to have the list of all failing values encountered 
during the run

    [0m [90m 71 |[39m
     [90m 72 |[39m   it([32m'Property: Security headers are set on all 
responses'[39m[33m,[39m () [33m=>[39m {
    [31m[1m>[22m[39m[90m 73 |[39m     fc[33m.[39massert(
     [90m    |[39m        [31m[1m^[22m[39m
     [90m 74 |[39m       fc[33m.[39mproperty(
     [90m 75 |[39m         fc[33m.[39mstring()[33m.[39mfilter(s [33m=>[39m 
[35m/^[a-zA-Z0-9/-]+$/[39m[33m.[39mtest(s) [33m&&[39m s[33m.[39mlength [33m>[39m 
[35m0[39m)[33m,[39m
     [90m 76 |[39m         (pathname) [33m=>[39m {[0m

      at buildError 
(node_modules/fast-check/lib/cjs/check/runner/utils/RunDetailsFormatter.js:162:19)
      at throwIfFailed 
(node_modules/fast-check/lib/cjs/check/runner/utils/RunDetailsFormatter.js:171:11)
      at reportRunDetails 
(node_modules/fast-check/lib/cjs/check/runner/utils/RunDetailsFormatter.js:184:16)
      at Object.assert (node_modules/fast-check/lib/cjs/check/runner/Runner.js:65:55)
      at Object.<anonymous> (src/__tests__/middleware/preservation-property.test.ts:73:8)

    Cause:
    expect(received).toBe(expected) // Object.is equality

    Expected: "SAMEORIGIN"
    Received: null

    [0m [90m 78 |[39m           [36mconst[39m res [33m=[39m 
runMiddlewarePipeline(req)[33m;[39m
     [90m 79 |[39m           
    [31m[1m>[22m[39m[90m 80 |[39m           expect(res[33m.[39mheaders[33m.[39m[36mg
et[39m([32m'X-Frame-Options'[39m))[33m.[39mtoBe([32m'SAMEORIGIN'[39m)[33m;[39m
     [90m    |[39m                                                      [31m[1m^[22m[39m
     [90m 81 |[39m           expect(res[33m.[39mheaders[33m.[39m[36mget[39m([32m'X-Con
tent-Type-Options'[39m))[33m.[39mtoBe([32m'nosniff'[39m)[33m;[39m
     [90m 82 |[39m           expect(res[33m.[39mheaders[33m.[39m[36mget[39m([32m'X-XSS
-Protection'[39m))[33m.[39mtoBe([32m'1; mode=block'[39m)[33m;[39m
     [90m 83 |[39m           expect(res[33m.[39mheaders[33m.[39m[36mget[39m([32m'Refer
rer-Policy'[39m))[33m.[39mtoBe([32m'strict-origin-when-cross-origin'[39m)[33m;[39m[0m

      at src/__tests__/middleware/preservation-property.test.ts:80:54
      at Property.predicate (node_modules/fast-check/lib/cjs/check/property/Property.js:17:92)
      at Property.run 
(node_modules/fast-check/lib/cjs/check/property/Property.generic.js:46:33)
      at runIt (node_modules/fast-check/lib/cjs/check/runner/Runner.js:18:30)
      at check (node_modules/fast-check/lib/cjs/check/runner/Runner.js:58:11)
      at Object.assert (node_modules/fast-check/lib/cjs/check/runner/Runner.js:61:17)
      at Object.<anonymous> (src/__tests__/middleware/preservation-property.test.ts:73:8)

  ΓùÅ Preservation Property Tests - Middleware Functionality ΓÇ║ Property: Protected API 
routes reject unauthenticated requests

    Property failed after 1 tests
    { seed: -1260697734, path: "0:0:0:0", endOnFailure: true }
    Counterexample: ["-"]
    Shrunk 3 time(s)

    Hint: Enable verbose mode in order to have the list of all failing values encountered 
during the run

    [0m [90m  97 |[39m
     [90m  98 |[39m   it([32m'Property: Protected API routes reject unauthenticated 
requests'[39m[33m,[39m () [33m=>[39m {
    [31m[1m>[22m[39m[90m  99 |[39m     fc[33m.[39massert(
     [90m     |[39m        [31m[1m^[22m[39m
     [90m 100 |[39m       fc[33m.[39mproperty(
     [90m 101 |[39m         fc[33m.[39mstring()[33m.[39mfilter(s [33m=>[39m 
[35m/^[a-zA-Z0-9/-]+$/[39m[33m.[39mtest(s) [33m&&[39m 
[33m![39m[33mPUBLIC_ROUTES[39m[33m.[39msome(pr [33m=>[39m 
[32m`/${s}`[39m[33m.[39mstartsWith(pr)))[33m,[39m
     [90m 102 |[39m         (pathSegment) [33m=>[39m {[0m

      at buildError 
(node_modules/fast-check/lib/cjs/check/runner/utils/RunDetailsFormatter.js:162:19)
      at throwIfFailed 
(node_modules/fast-check/lib/cjs/check/runner/utils/RunDetailsFormatter.js:171:11)
      at reportRunDetails 
(node_modules/fast-check/lib/cjs/check/runner/utils/RunDetailsFormatter.js:184:16)
      at Object.assert (node_modules/fast-check/lib/cjs/check/runner/Runner.js:65:55)
      at Object.<anonymous> (src/__tests__/middleware/preservation-property.test.ts:99:8)

    Cause:
    expect(received).toBe(expected) // Object.is equality

    Expected: 401
    Received: 200

    [0m [90m 107 |[39m           [36mconst[39m res [33m=[39m 
runMiddlewarePipeline(req)[33m;[39m
     [90m 108 |[39m           
    [31m[1m>[22m[39m[90m 109 |[39m           
expect(res[33m.[39mstatus)[33m.[39mtoBe([35m401[39m)[33m;[39m
     [90m     |[39m                              [31m[1m^[22m[39m
     [90m 110 |[39m         }
     [90m 111 |[39m       )[33m,[39m
     [90m 112 |[39m       { numRuns[33m:[39m [35m10[39m }[0m

      at src/__tests__/middleware/preservation-property.test.ts:109:30
      at Property.predicate (node_modules/fast-check/lib/cjs/check/property/Property.js:17:92)
      at Property.run 
(node_modules/fast-check/lib/cjs/check/property/Property.generic.js:46:33)
      at runIt (node_modules/fast-check/lib/cjs/check/runner/Runner.js:18:30)
      at check (node_modules/fast-check/lib/cjs/check/runner/Runner.js:58:11)
      at Object.assert (node_modules/fast-check/lib/cjs/check/runner/Runner.js:61:17)
      at Object.<anonymous> (src/__tests__/middleware/preservation-property.test.ts:99:8)

  ΓùÅ Preservation Property Tests - Middleware Functionality ΓÇ║ Property: Preflight OPTIONS 
requests return 204 with CORS headers

    expect(received).toBe(expected) // Object.is equality

    Expected: 204
    Received: 200

    [0m [90m 136 |[39m     [36mconst[39m res [33m=[39m 
runMiddlewarePipeline(req)[33m;[39m
     [90m 137 |[39m     
    [31m[1m>[22m[39m[90m 138 |[39m     
expect(res[33m.[39mstatus)[33m.[39mtoBe([35m204[39m)[33m;[39m
     [90m     |[39m                        [31m[1m^[22m[39m
     [90m 139 |[39m     expect(res[33m.[39mheaders[33m.[39m[36mget[39m([32m'Access-Con
trol-Allow-Methods'[39m))[33m.[39mtoContain([32m'OPTIONS'[39m)[33m;[39m
     [90m 140 |[39m     expect(res[33m.[39mheaders[33m.[39m[36mget[39m([32m'Access-Con
trol-Allow-Origin'[39m))[33m.[39mtoBe([32m'http://localhost:3000'[39m)[33m;[39m
     [90m 141 |[39m   })[33m;[39m[0m

      at Object.<anonymous> (src/__tests__/middleware/preservation-property.test.ts:138:24)

  ΓùÅ Preservation Property Tests - Middleware Functionality ΓÇ║ Property: API Routes include 
CORS headers

    expect(received).toBe(expected) // Object.is equality

    Expected: "http://localhost:3000"
    Received: null

    [0m [90m 149 |[39m     [36mconst[39m res [33m=[39m 
runMiddlewarePipeline(req)[33m;[39m
     [90m 150 |[39m     
    [31m[1m>[22m[39m[90m 151 |[39m     expect(res[33m.[39mheaders[33m.[39m[36mget[3
9m([32m'Access-Control-Allow-Origin'[39m))[33m.[39mtoBe([32m'http://localhost:3000'[39m)
[33m;[39m
     [90m     |[39m                                                            
[31m[1m^[22m[39m
     [90m 152 |[39m   })[33m;[39m
     [90m 153 |[39m })[33m;[39m
     [90m 154 |[39m[0m

      at Object.<anonymous> (src/__tests__/middleware/preservation-property.test.ts:151:60)

Test Suites: 1 failed, 1 total
Tests:       4 failed, 3 passed, 7 total
Snapshots:   0 total
Time:        5.229 s
Ran all test suites matching src/__tests__/middleware/preservation-property.test.ts.
